{"message":"test fatal"}